// Vitest Snapshot v1, https://vitest.dev/guide/snapshot.html

exports[`DeviceCard > matches snapshot 1`] = `
"<article class="device-card">
  <figure><img src="/test-image.jpg" alt="Test Device"></figure>
  <div>
    <div><span class="sl-badge">tag1</span><span class="sl-badge">tag2</span></div>
    <p> Data di acquisto: 20/03/2024</p>
    <h2><a href="https://example.com" rel="noopener noreferrer">Test Device</a>
      <!---->
      <!--v-if-->
    </h2>
    <!---->
  </div>
</article>"
`;
