// Vitest Snapshot v1, https://vitest.dev/guide/snapshot.html

exports[`PostPreview > renders correctly 1`] = `
"<li data-v-ef65044c="">
  <div data-v-ef65044c=""><span data-v-ef65044c="">20 marzo 2024</span></div>
  <div data-v-ef65044c="">
    <routerlink data-v-ef65044c="" to="/post/test-post"></routerlink>
    <div data-v-ef65044c="">
      <routerlink data-v-ef65044c="" to="/tags/test"></routerlink>
      <routerlink data-v-ef65044c="" to="/tags/vue"></routerlink>
    </div>
    <p data-v-ef65044c="">This is a test post summary</p>
    <routerlink data-v-ef65044c="" to="/post/test-post"></routerlink>
  </div>
</li>"
`;
